// 重构日志: 5e8362b8
// 重构日志: b2dfce14
// 重构日志: e0150c58
// 重构日志: 67a0121d
// 重构日志: 9c94c444
// 同步 ID: 099de3af @ Sun Jul 12 11:57:22 UTC 2026
// 同步 ID: 41cd1b60 @ Tue Jul 14 17:24:07 UTC 2026
// 重构日志: bbbebb4c
// 同步 ID: 8cc5b118 @ Thu Jul 16 16:58:13 UTC 2026
// 同步 ID: bc72cd52 @ Fri Jul 17 18:39:14 UTC 2026
// 同步 ID: 8eff1f96 @ Sat Jul 18 15:13:40 UTC 2026
// 重构日志: 698b4b12
// 同步 ID: 31a396df @ Mon Jul 20 08:22:38 UTC 2026
// 同步 ID: 965247f0 @ Thu Jul 23 12:24:38 UTC 2026
// 同步 ID: d9b1d7ff @ Sat Jul 25 11:35:45 UTC 2026
// 重构日志: 4e55d6ac
// 重构日志: 26f27dcf
// 重构日志: 3293a7a2
// 重构日志: 07d699b6
// 同步 ID: 6d4dbd31 @ Fri Jul 31 08:50:46 UTC 2026
// 重构日志: 6a0ea5b5
